Archive member included to satisfy reference by file (symbol)

c:/program files (x86)/atmel/studio/7.0/toolchain/avr8/avr8-gnu-toolchain/bin/../lib/gcc/avr/4.9.2/../../../../avr/lib/avr51\libm.a(addsf3.o)
                              lib/frtcpp/time_stamp_to_float.o (__addsf3)
c:/program files (x86)/atmel/studio/7.0/toolchain/avr8/avr8-gnu-toolchain/bin/../lib/gcc/avr/4.9.2/../../../../avr/lib/avr51\libm.a(addsf3x.o)
                              c:/program files (x86)/atmel/studio/7.0/toolchain/avr8/avr8-gnu-toolchain/bin/../lib/gcc/avr/4.9.2/../../../../avr/lib/avr51\libm.a(addsf3.o) (__addsf3x)
c:/program files (x86)/atmel/studio/7.0/toolchain/avr8/avr8-gnu-toolchain/bin/../lib/gcc/avr/4.9.2/../../../../avr/lib/avr51\libm.a(divsf3.o)
                              lib/frtcpp/taskbase.o (__divsf3)
c:/program files (x86)/atmel/studio/7.0/toolchain/avr8/avr8-gnu-toolchain/bin/../lib/gcc/avr/4.9.2/../../../../avr/lib/avr51\libm.a(divsf3x.o)
                              c:/program files (x86)/atmel/studio/7.0/toolchain/avr8/avr8-gnu-toolchain/bin/../lib/gcc/avr/4.9.2/../../../../avr/lib/avr51\libm.a(divsf3.o) (__divsf3x)
c:/program files (x86)/atmel/studio/7.0/toolchain/avr8/avr8-gnu-toolchain/bin/../lib/gcc/avr/4.9.2/../../../../avr/lib/avr51\libm.a(floatsisf.o)
                              lib/frtcpp/taskbase.o (__floatunsisf)
c:/program files (x86)/atmel/studio/7.0/toolchain/avr8/avr8-gnu-toolchain/bin/../lib/gcc/avr/4.9.2/../../../../avr/lib/avr51\libm.a(fp_inf.o)
                              c:/program files (x86)/atmel/studio/7.0/toolchain/avr8/avr8-gnu-toolchain/bin/../lib/gcc/avr/4.9.2/../../../../avr/lib/avr51\libm.a(addsf3x.o) (__fp_inf)
c:/program files (x86)/atmel/studio/7.0/toolchain/avr8/avr8-gnu-toolchain/bin/../lib/gcc/avr/4.9.2/../../../../avr/lib/avr51\libm.a(fp_nan.o)
                              c:/program files (x86)/atmel/studio/7.0/toolchain/avr8/avr8-gnu-toolchain/bin/../lib/gcc/avr/4.9.2/../../../../avr/lib/avr51\libm.a(addsf3x.o) (__fp_nan)
c:/program files (x86)/atmel/studio/7.0/toolchain/avr8/avr8-gnu-toolchain/bin/../lib/gcc/avr/4.9.2/../../../../avr/lib/avr51\libm.a(fp_pscA.o)
                              c:/program files (x86)/atmel/studio/7.0/toolchain/avr8/avr8-gnu-toolchain/bin/../lib/gcc/avr/4.9.2/../../../../avr/lib/avr51\libm.a(addsf3x.o) (__fp_pscA)
c:/program files (x86)/atmel/studio/7.0/toolchain/avr8/avr8-gnu-toolchain/bin/../lib/gcc/avr/4.9.2/../../../../avr/lib/avr51\libm.a(fp_pscB.o)
                              c:/program files (x86)/atmel/studio/7.0/toolchain/avr8/avr8-gnu-toolchain/bin/../lib/gcc/avr/4.9.2/../../../../avr/lib/avr51\libm.a(addsf3x.o) (__fp_pscB)
c:/program files (x86)/atmel/studio/7.0/toolchain/avr8/avr8-gnu-toolchain/bin/../lib/gcc/avr/4.9.2/../../../../avr/lib/avr51\libm.a(fp_round.o)
                              c:/program files (x86)/atmel/studio/7.0/toolchain/avr8/avr8-gnu-toolchain/bin/../lib/gcc/avr/4.9.2/../../../../avr/lib/avr51\libm.a(addsf3.o) (__fp_round)
c:/program files (x86)/atmel/studio/7.0/toolchain/avr8/avr8-gnu-toolchain/bin/../lib/gcc/avr/4.9.2/../../../../avr/lib/avr51\libm.a(fp_split3.o)
                              c:/program files (x86)/atmel/studio/7.0/toolchain/avr8/avr8-gnu-toolchain/bin/../lib/gcc/avr/4.9.2/../../../../avr/lib/avr51\libm.a(addsf3x.o) (__fp_split3)
c:/program files (x86)/atmel/studio/7.0/toolchain/avr8/avr8-gnu-toolchain/bin/../lib/gcc/avr/4.9.2/../../../../avr/lib/avr51\libm.a(fp_zero.o)
                              c:/program files (x86)/atmel/studio/7.0/toolchain/avr8/avr8-gnu-toolchain/bin/../lib/gcc/avr/4.9.2/../../../../avr/lib/avr51\libm.a(addsf3x.o) (__fp_zero)
c:/program files (x86)/atmel/studio/7.0/toolchain/avr8/avr8-gnu-toolchain/bin/../lib/gcc/avr/4.9.2/avr51\libgcc.a(_mulsi3.o)
                              lib/frtcpp/time_stamp_get_us.o (__mulsi3)
c:/program files (x86)/atmel/studio/7.0/toolchain/avr8/avr8-gnu-toolchain/bin/../lib/gcc/avr/4.9.2/avr51\libgcc.a(_divmodhi4.o)
                              adc.o (__divmodhi4)
c:/program files (x86)/atmel/studio/7.0/toolchain/avr8/avr8-gnu-toolchain/bin/../lib/gcc/avr/4.9.2/avr51\libgcc.a(_udivmodsi4.o)
                              lib/frtcpp/time_stamp_get_us.o (__udivmodsi4)
c:/program files (x86)/atmel/studio/7.0/toolchain/avr8/avr8-gnu-toolchain/bin/../lib/gcc/avr/4.9.2/avr51\libgcc.a(_divmodsi4.o)
                              lib/frtcpp/time_stamp_get_us.o (__divmodsi4)
c:/program files (x86)/atmel/studio/7.0/toolchain/avr8/avr8-gnu-toolchain/bin/../lib/gcc/avr/4.9.2/avr51\libgcc.a(_negsi2.o)
                              c:/program files (x86)/atmel/studio/7.0/toolchain/avr8/avr8-gnu-toolchain/bin/../lib/gcc/avr/4.9.2/avr51\libgcc.a(_divmodsi4.o) (__negsi2)
c:/program files (x86)/atmel/studio/7.0/toolchain/avr8/avr8-gnu-toolchain/bin/../lib/gcc/avr/4.9.2/avr51\libgcc.a(_exit.o)
[...]
Memory Configuration

Name             Origin             Length             Attributes
text             0x00000000         0x00020000         xr
data             0x00800100         0x0000ff00         rw !x
eeprom           0x00810000         0x00010000         rw !x
fuse             0x00820000         0x00000400         rw !x
lock             0x00830000         0x00000400         rw !x
signature        0x00840000         0x00000400         rw !x
user_signatures  0x00850000         0x00000400         rw !x
*default*        0x00000000         0xffffffff

Linker script and memory map

Address of section .data set to 0x800200
LOAD C:/Program Files (x86)/Atmel/Studio/7.0/Packs/atmel/ATmega_DFP/1.0.98/gcc/dev/atmega1281/avr51/crtatmega1281.o
LOAD adc.o
LOAD lib/freertos/croutine.o
LOAD lib/freertos/event_groups.o
LOAD lib/freertos/heap_2.o
LOAD lib/freertos/list.o
LOAD lib/freertos/port.o
LOAD lib/freertos/queue.o
LOAD lib/freertos/tasks.o
LOAD lib/freertos/timers.o
LOAD lib/frtcpp/baseshare.o
LOAD lib/frtcpp/taskbase.o
LOAD lib/frtcpp/taskbase_stackprt.o
LOAD lib/frtcpp/taskbase_status.o
LOAD lib/frtcpp/tasktrace.o
LOAD lib/frtcpp/textqueue.o
LOAD lib/frtcpp/time_stamp_equal.o
LOAD lib/frtcpp/time_stamp_get_us.o
LOAD lib/frtcpp/time_stamp_greater.o
LOAD lib/frtcpp/time_stamp_greater_eq.o
LOAD lib/frtcpp/time_stamp_less.o
LOAD lib/frtcpp/time_stamp_less_eq.o
LOAD lib/frtcpp/time_stamp_lshift.o
LOAD lib/frtcpp/time_stamp_minus.o
LOAD lib/frtcpp/time_stamp_minus_eq.o
LOAD lib/frtcpp/time_stamp_not_equal.o
LOAD lib/frtcpp/time_stamp_plus.o
LOAD lib/frtcpp/time_stamp_plus_eq.o
LOAD lib/frtcpp/time_stamp_tick_res_time.o
LOAD lib/frtcpp/time_stamp_to_float.o
LOAD lib/frtcpp/time_stamp_to_now.o
LOAD lib/frtcpp/time_stamp_to_now_ISR.o
LOAD lib/misc/hex_dump_memory.o
LOAD lib/misc/mechutil.o
LOAD lib/serial/base232.o
LOAD lib/serial/emstream.o
LOAD lib/serial/emstream_bool.o
LOAD lib/serial/emstream_float.o
LOAD lib/serial/emstream_int16_t.o
LOAD lib/serial/emstream_int32_t.o
LOAD lib/serial/emstream_int8_t.o
LOAD lib/serial/emstream_pointer.o
LOAD lib/serial/emstream_uint16_t.o
LOAD lib/serial/emstream_uint32_t.o
LOAD lib/serial/emstream_uint64_t.o
LOAD lib/serial/emstream_uint8_t.o
LOAD lib/serial/rs232int.o
LOAD main.o
LOAD task_brightness.o
LOAD task_user.o
START GROUP
LOAD c:/program files (x86)/atmel/studio/7.0/toolchain/avr8/avr8-gnu-toolchain/bin/../lib/gcc/avr/4.9.2/../../../../avr/lib/avr51\libm.a
END GROUP
LOAD c:/program files (x86)/atmel/studio/7.0/toolchain/avr8/avr8-gnu-toolchain/bin/../lib/gcc/avr/4.9.2/avr51\libgcc.a
LOAD c:/program files (x86)/atmel/studio/7.0/toolchain/avr8/avr8-gnu-toolchain/bin/../lib/gcc/avr/4.9.2/../../../../avr/lib/avr51\libm.a
START GROUP
LOAD c:/program files (x86)/atmel/studio/7.0/toolchain/avr8/avr8-gnu-toolchain/bin/../lib/gcc/avr/4.9.2/avr51\libgcc.a
LOAD c:/program files (x86)/atmel/studio/7.0/toolchain/avr8/avr8-gnu-toolchain/bin/../lib/gcc/avr/4.9.2/../../../../avr/lib/avr51\libm.a
LOAD c:/program files (x86)/atmel/studio/7.0/toolchain/avr8/avr8-gnu-toolchain/bin/../lib/gcc/avr/4.9.2/../../../../avr/lib/avr51\libc.a
LOAD C:/Program Files (x86)/Atmel/Studio/7.0/Packs/atmel/ATmega_DFP/1.0.98/gcc/dev/atmega1281/avr51\libatmega1281.a
END GROUP

.hash
 *(.hash)

.dynsym
 *(.dynsym)

.dynstr
 *(.dynstr)

.gnu.version
 *(.gnu.version)

.gnu.version_d
 *(.gnu.version_d)

.gnu.version_r
 *(.gnu.version_r)

.rel.init
 *(.rel.init)

.rela.init
 *(.rela.init)

.rel.text
 *(.rel.text)
 *(.rel.text.*)
 *(.rel.gnu.linkonce.t*)

.rela.text
 *(.rela.text)
 *(.rela.text.*)
 *(.rela.gnu.linkonce.t*)

.rel.fini
 *(.rel.fini)

.rela.fini
 *(.rela.fini)

.rel.rodata
 *(.rel.rodata)
 *(.rel.rodata.*)
 *(.rel.gnu.linkonce.r*)

.rela.rodata
 *(.rela.rodata)
 *(.rela.rodata.*)
 *(.rela.gnu.linkonce.r*)

.rel.data
 *(.rel.data)
 *(.rel.data.*)
 *(.rel.gnu.linkonce.d*)

.rela.data
 *(.rela.data)
 *(.rela.data.*)
 *(.rela.gnu.linkonce.d*)

.rel.ctors
 *(.rel.ctors)

.rela.ctors
 *(.rela.ctors)

.rel.dtors
 *(.rel.dtors)

.rela.dtors
 *(.rela.dtors)

.rel.got
 *(.rel.got)

.rela.got
 *(.rela.got)

.rel.bss
 *(.rel.bss)

.rela.bss
 *(.rela.bss)

.rel.plt
 *(.rel.plt)

.rela.plt
 *(.rela.plt)

.text           0x00000000     0x344c
 *(.vectors)
 .vectors       0x00000000       0xcc C:/Program Files (x86)/Atmel/Studio/7.0/Packs/atmel/ATmega_DFP/1.0.98/gcc/dev/atmega1281/avr51/crtatmega1281.o
                0x00000000                __vector_default
                0x00000000                __vectors
 *(.vectors)
 *(.progmem.gcc*)
 .progmem.gcc_sw_table._ZN8emstreamlsE15ser_manipulator
                0x000000cc       0x18 lib/serial/emstream.o
                0x000000e4                . = ALIGN (0x2)
                0x000000e4                __trampolines_start = .
 *(.trampolines)
 .trampolines   0x000000e4        0x0 linker stubs
 *(.trampolines*)
                0x000000e4                __trampolines_end = .
 *(.progmem*)
 .progmem.something
                0x000000e4       0x64 lib/frtcpp/baseshare.o
 .progmem.something
                0x00000148       0x34 lib/frtcpp/taskbase.o
 .progmem.something
                0x0000017c       0x12 lib/frtcpp/taskbase_stackprt.o
 .progmem.something
                0x0000018e       0x73 lib/frtcpp/taskbase_status.o
 .progmem.something
                0x00000201        0x3 lib/misc/hex_dump_memory.o
 .progmem.something
                0x00000204       0x1d main.o
 .progmem.something
                0x00000221      0x1cc task_user.o
                0x000003ee                . = ALIGN (0x2)
 *fill*         0x000003ed        0x1 
 *(.jumptables)
 *(.jumptables*)
 *(.lowtext)
 *(.lowtext*)
                0x000003ee                __ctors_start = .
 *(.ctors)
                0x000003ee                __ctors_end = .
                0x000003ee                __dtors_start = .
 *(.dtors)
                0x000003ee                __dtors_end = .
 SORT(*)(.ctors)
 SORT(*)(.dtors)
 *(.init0)
 .init0         0x000003ee        0x0 C:/Program Files (x86)/Atmel/Studio/7.0/Packs/atmel/ATmega_DFP/1.0.98/gcc/dev/atmega1281/avr51/crtatmega1281.o
                0x000003ee                __init
 *(.init0)
 *(.init1)
 *(.init1)
 *(.init2)
 .init2         0x000003ee        0xc C:/Program Files (x86)/Atmel/Studio/7.0/Packs/atmel/ATmega_DFP/1.0.98/gcc/dev/atmega1281/avr51/crtatmega1281.o
 *(.init2)
 *(.init3)
 *(.init3)
 *(.init4)
 .init4         0x000003fa       0x1a c:/program files (x86)/atmel/studio/7.0/toolchain/avr8/avr8-gnu-toolchain/bin/../lib/gcc/avr/4.9.2/avr51\libgcc.a(_copy_data.o)
                0x000003fa                __do_copy_data
 .init4         0x00000414       0x10 c:/program files (x86)/atmel/studio/7.0/toolchain/avr8/avr8-gnu-toolchain/bin/../lib/gcc/avr/4.9.2/avr51\libgcc.a(_clear_bss.o)
                0x00000414                __do_clear_bss
 *(.init4)
 *(.init5)
 *(.init5)
 *(.init6)
 *(.init6)
 *(.init7)
 *(.init7)
 *(.init8)
 *(.init8)
 *(.init9)
 .init9         0x00000424        0x8 C:/Program Files (x86)/Atmel/Studio/7.0/Packs/atmel/ATmega_DFP/1.0.98/gcc/dev/atmega1281/avr51/crtatmega1281.o
 *(.init9)
 *(.text)
 .text          0x0000042c        0x2 C:/Program Files (x86)/Atmel/Studio/7.0/Packs/atmel/ATmega_DFP/1.0.98/gcc/dev/atmega1281/avr51/crtatmega1281.o
                0x0000042c                __vector_38
                0x0000042c                __vector_22
                0x0000042c                __vector_28
                0x0000042c                __vector_1
                0x0000042c                __vector_32
                0x0000042c                __vector_34
                0x0000042c                __vector_24
                0x0000042c                __vector_12
                0x0000042c                __vector_46
                0x0000042c                __bad_interrupt
                0x0000042c                __vector_6
                0x0000042c                __vector_31
                0x0000042c                __vector_35
                0x0000042c                __vector_39
                0x0000042c                __vector_3
                0x0000042c                __vector_23
                0x0000042c                __vector_30
                0x0000042c                __vector_45
                0x0000042c                __vector_11
                0x0000042c                __vector_13
                0x0000042c                __vector_17
                0x0000042c                __vector_19
                0x0000042c                __vector_7
                0x0000042c                __vector_49
                0x0000042c                __vector_41
                0x0000042c                __vector_43
                0x0000042c                __vector_27
                0x0000042c                __vector_5
                0x0000042c                __vector_33
                0x0000042c                __vector_37
                0x0000042c                __vector_4
                0x0000042c                __vector_44
                0x0000042c                __vector_9
                0x0000042c                __vector_2
                0x0000042c                __vector_21
                0x0000042c                __vector_15
                0x0000042c                __vector_29
                0x0000042c                __vector_40
                0x0000042c                __vector_8
                0x0000042c                __vector_26
                0x0000042c                __vector_48
                0x0000042c                __vector_14
                0x0000042c                __vector_10
                0x0000042c                __vector_50
                0x0000042c                __vector_16
                0x0000042c                __vector_18
                0x0000042c                __vector_20
                0x0000042c                __vector_42
                0x0000042e                . = ALIGN (0x2)
 *(.text.*)
 .text._ZN3adcC2EP8emstream
                0x0000042e       0x22 adc.o
                0x0000042e                _ZN3adcC2EP8emstream
                0x0000042e                _ZN3adcC1EP8emstream
 .text._ZN3adc9read_onceEh
                0x00000450       0x52 adc.o
                0x00000450                _ZN3adc9read_onceEh
 .text._ZN3adc16read_oversampledEhh
                0x000004a2       0x72 adc.o
                0x000004a2                _ZN3adc16read_oversampledEhh
 .text.pvPortMalloc
                0x00000514      0x130 lib/freertos/heap_2.o
                0x00000514                pvPortMalloc
 .text.vPortFree
                0x00000644       0x62 lib/freertos/heap_2.o
                0x00000644                vPortFree
 .text.xPortGetFreeHeapSize
                0x000006a6        0xa lib/freertos/heap_2.o
                0x000006a6                xPortGetFreeHeapSize
 .text.vListInitialise
                0x000006b0       0x22 lib/freertos/list.o
                0x000006b0                vListInitialise
 .text.vListInitialiseItem
                0x000006d2        0x8 lib/freertos/list.o
                0x000006d2                vListInitialiseItem
 .text.vListInsertEnd
                0x000006da       0x42 lib/freertos/list.o
                0x000006da                vListInsertEnd
 .text.vListInsert
                0x0000071c       0x7a lib/freertos/list.o
                0x0000071c                vListInsert
 .text.uxListRemove
                0x00000796       0x4c lib/freertos/list.o
                0x00000796                uxListRemove
 .text.pxPortInitialiseStack
                0x000007e2       0xe0 lib/freertos/port.o
                0x000007e2                pxPortInitialiseStack
 .text.xPortStartScheduler
                0x000008c2       0x76 lib/freertos/port.o
                0x000008c2                xPortStartScheduler
 .text.vPortYield
                0x00000938       0xb0 lib/freertos/port.o
                0x00000938                vPortYield
 .text.vPortYieldFromTick
                0x000009e8       0xb4 lib/freertos/port.o
                0x000009e8                vPortYieldFromTick
 .text.__vector_47
                0x00000a9c        0x4 lib/freertos/port.o
                0x00000a9c                __vector_47
 .text.prvCopyDataToQueue
                0x00000aa0       0xc2 lib/freertos/queue.o
 .text.prvCopyDataFromQueue
                0x00000b62       0x34 lib/freertos/queue.o
 .text.prvUnlockQueue
                0x00000b96       0x90 lib/freertos/queue.o
 .text.xQueueGenericReset
                0x00000c26       0x72 lib/freertos/queue.o
                0x00000c26                xQueueGenericReset
 .text.xQueueGenericCreate
                0x00000c98       0x54 lib/freertos/queue.o
                0x00000c98                xQueueGenericCreate
 .text.xQueueGenericSend
                0x00000cec      0x138 lib/freertos/queue.o
                0x00000cec                xQueueGenericSend
 .text.xQueueGenericReceive
                0x00000e24      0x178 lib/freertos/queue.o
                0x00000e24                xQueueGenericReceive
 .text.uxQueueMessagesWaiting
                0x00000f9c       0x10 lib/freertos/queue.o
                0x00000f9c                uxQueueMessagesWaiting
 .text.uxQueueSpacesAvailable
                0x00000fac       0x14 lib/freertos/queue.o
                0x00000fac                uxQueueSpacesAvailable
 .text.prvIdleTask
                0x00000fc0        0xe lib/freertos/tasks.o
 .text.prvAddCurrentTaskToDelayedList
                0x00000fce       0x98 lib/freertos/tasks.o
 .text.xTaskGenericCreate
                0x00001066      0x202 lib/freertos/tasks.o
                0x00001066                xTaskGenericCreate
 .text.uxTaskPriorityGet
                0x00001268       0x1c lib/freertos/tasks.o
                0x00001268                uxTaskPriorityGet
 .text.vTaskStartScheduler
                0x00001284       0x62 lib/freertos/tasks.o
                0x00001284                vTaskStartScheduler
 .text.vTaskSuspendAll
                0x000012e6        0xc lib/freertos/tasks.o
                0x000012e6                vTaskSuspendAll
 .text.xTaskGetTickCount
                0x000012f2       0x1c lib/freertos/tasks.o
                0x000012f2                xTaskGetTickCount
 .text.pcTaskGetTaskName
                0x0000130e       0x10 lib/freertos/tasks.o
                0x0000130e                pcTaskGetTaskName
 .text.xTaskGetIdleTaskHandle
                0x0000131e        0xa lib/freertos/tasks.o
                0x0000131e                xTaskGetIdleTaskHandle
 .text.xTaskIncrementTick
                0x00001328      0x200 lib/freertos/tasks.o
                0x00001328                xTaskIncrementTick
 .text.xTaskResumeAll
                0x00001528       0xf8 lib/freertos/tasks.o
                0x00001528                xTaskResumeAll
 .text.vTaskDelayUntil
                0x00001620       0xb8 lib/freertos/tasks.o
                0x00001620                vTaskDelayUntil
 .text.vTaskDelay
                0x000016d8       0x52 lib/freertos/tasks.o
                0x000016d8                vTaskDelay
 .text.vTaskSwitchContext
                0x0000172a       0xbc lib/freertos/tasks.o
                0x0000172a                vTaskSwitchContext
 .text.vTaskPlaceOnEventList
                0x000017e6       0x54 lib/freertos/tasks.o
                0x000017e6                vTaskPlaceOnEventList
 .text.xTaskRemoveFromEventList
                0x0000183a       0x84 lib/freertos/tasks.o
                0x0000183a                xTaskRemoveFromEventList
 .text.vTaskSetTimeOutState
                0x000018be       0x22 lib/freertos/tasks.o
                0x000018be                vTaskSetTimeOutState
 .text.xTaskCheckForTimeOut
                0x000018e0       0xb4 lib/freertos/tasks.o
                0x000018e0                xTaskCheckForTimeOut
 .text.vTaskMissedYield
                0x00001994        0x8 lib/freertos/tasks.o
                0x00001994                vTaskMissedYield
 .text.uxTaskGetStackHighWaterMark
                0x0000199c       0x3a lib/freertos/tasks.o
                0x0000199c                uxTaskGetStackHighWaterMark
 .text.vTaskPriorityInherit
                0x000019d6       0xbc lib/freertos/tasks.o
                0x000019d6                vTaskPriorityInherit
 .text.xTaskPriorityDisinherit
                0x00001a92       0x80 lib/freertos/tasks.o
                0x00001a92                xTaskPriorityDisinherit
 .text.pvTaskIncrementMutexHeldCount
                0x00001b12       0x24 lib/freertos/tasks.o
                0x00001b12                pvTaskIncrementMutexHeldCount
 .text._ZN9BaseShareC2EPKc
                0x00001b36       0x6e lib/frtcpp/baseshare.o
                0x00001b36                _ZN9BaseShareC2EPKc
                0x00001b36                _ZN9BaseShareC1EPKc
 .text._Z16print_all_sharesP8emstream
                0x00001ba4       0x76 lib/frtcpp/baseshare.o
                0x00001ba4                _Z16print_all_sharesP8emstream
 .text._ZN8TaskBaseC2EPKchjP8emstream
                0x00001c1a      0x118 lib/frtcpp/taskbase.o
                0x00001c1a                _ZN8TaskBaseC2EPKchjP8emstream
                0x00001c1a                _ZN8TaskBaseC1EPKchjP8emstream
 .text._ZN8TaskBase22_call_users_run_methodEPS_
                0x00001d32       0x1c lib/frtcpp/taskbase.o
                0x00001d32                _ZN8TaskBase22_call_users_run_methodEPS_
 .text._call_static_run_method
                0x00001d4e        0x2 lib/frtcpp/taskbase.o
                0x00001d4e                _call_static_run_method
 .text._ZN8TaskBase13transition_toEh
                0x00001d50        0x8 lib/frtcpp/taskbase.o
                0x00001d50                _ZN8TaskBase13transition_toEh
 .text._ZN8TaskBase19print_stack_in_listEP8emstream
                0x00001d58       0x66 lib/frtcpp/taskbase_stackprt.o
                0x00001d58                _ZN8TaskBase19print_stack_in_listEP8emstream
 .text._Z17print_task_stacksP8emstream
                0x00001dbe       0x4e lib/frtcpp/taskbase_stackprt.o
                0x00001dbe                _Z17print_task_stacksP8emstream
 .text._ZN8TaskBase12print_statusER8emstream
                0x00001e0c       0xf8 lib/frtcpp/taskbase_status.o
                0x00001e0c                _ZN8TaskBase12print_statusER8emstream
 .text._ZlsR8emstreamR8TaskBase
                0x00001f04       0x20 lib/frtcpp/taskbase_status.o
                0x00001f04                _ZlsR8emstreamR8TaskBase
 .text._ZN8TaskBase20print_status_in_listEP8emstream
                0x00001f24       0x2c lib/frtcpp/taskbase_status.o
                0x00001f24                _ZN8TaskBase20print_status_in_listEP8emstream
 .text._Z15print_task_listP8emstream
                0x00001f50       0xe4 lib/frtcpp/taskbase_status.o
                0x00001f50                _Z15print_task_listP8emstream
 .text._ZN9TextQueue13print_in_listEP8emstream
                0x00002034       0xc6 lib/frtcpp/textqueue.o
                0x00002034                _ZN9TextQueue13print_in_listEP8emstream
 .text._ZThn6_N9TextQueue13print_in_listEP8emstream
                0x000020fa        0x4 lib/frtcpp/textqueue.o
                0x000020fa                _ZThn6_N9TextQueue13print_in_listEP8emstream
 .text._ZN9TextQueue7getcharEv
                0x000020fe       0x38 lib/frtcpp/textqueue.o
                0x000020fe                _ZN9TextQueue7getcharEv
 .text._ZN9TextQueue14check_for_charEv
                0x00002136       0x16 lib/frtcpp/textqueue.o
                0x00002136                _ZN9TextQueue14check_for_charEv
 .text._ZN9TextQueue7putcharEc
                0x0000214c       0x32 lib/frtcpp/textqueue.o
                0x0000214c                _ZN9TextQueue7putcharEc
 .text._ZN9TextQueueC2EjPKcP8emstreamm
                0x0000217e       0x84 lib/frtcpp/textqueue.o
                0x0000217e                _ZN9TextQueueC1EjPKcP8emstreamm
                0x0000217e                _ZN9TextQueueC2EjPKcP8emstreamm
 .text._ZN10time_stamp12get_microsecEv
                0x00002202       0x7e lib/frtcpp/time_stamp_get_us.o
                0x00002202                _ZN10time_stamp12get_microsecEv
 .text._ZlsR8emstreamR10time_stamp
                0x00002280       0xba lib/frtcpp/time_stamp_lshift.o
                0x00002280                _ZlsR8emstreamR10time_stamp
 .text._ZN10time_stamp10set_to_nowEv
                0x0000233a       0x30 lib/frtcpp/time_stamp_to_now.o
                0x0000233a                _ZN10time_stamp10set_to_nowEv
 .text._Z15hex_dump_memoryPhS_P8emstream
                0x0000236a      0x102 lib/misc/hex_dump_memory.o
                0x0000236a                _Z15hex_dump_memoryPhS_P8emstream
 .text._Znwj    0x0000246c        0x6 lib/misc/mechutil.o
                0x0000246c                _Znwj
 .text._Znaj    0x00002472        0x6 lib/misc/mechutil.o
                0x00002472                _Znaj
 .text.__cxa_pure_virtual
                0x00002478        0x2 lib/misc/mechutil.o
                0x00002478                __cxa_pure_virtual
 .text._ZN7base232C2Ejh
                0x0000247a      0x106 lib/serial/base232.o
                0x0000247a                _ZN7base232C1Ejh
                0x0000247a                _ZN7base232C2Ejh
 .text._ZN8emstream13ready_to_sendEv
                0x00002580        0x4 lib/serial/emstream.o
                0x00002580                _ZN8emstream13ready_to_sendEv
 .text._ZN8emstream7getcharEv
                0x00002584        0x4 lib/serial/emstream.o
                0x00002584                _ZN8emstream7getcharEv
 .text._ZN8emstream14check_for_charEv
                0x00002588        0x4 lib/serial/emstream.o
                0x00002588                _ZN8emstream14check_for_charEv
 .text._ZN8emstream12transmit_nowEv
                0x0000258c        0x2 lib/serial/emstream.o
                0x0000258c                _ZN8emstream12transmit_nowEv
 .text._ZN8emstream12clear_screenEv
                0x0000258e       0x12 lib/serial/emstream.o
                0x0000258e                _ZN8emstream12clear_screenEv
 .text._ZN8emstreamC2Ev
                0x000025a0       0x16 lib/serial/emstream.o
                0x000025a0                _ZN8emstreamC2Ev
                0x000025a0                _ZN8emstreamC1Ev
 .text._ZN8emstream4putsEPKc
                0x000025b6       0x6e lib/serial/emstream.o
                0x000025b6                _ZN8emstream4putsEPKc
 .text._ZN8emstreamlsE15ser_manipulator
                0x00002624       0x88 lib/serial/emstream.o
                0x00002624                _ZN8emstreamlsE15ser_manipulator
 .text._ZN8emstreamlsEj
                0x000026ac       0x6c lib/serial/emstream_uint16_t.o
                0x000026ac                _ZN8emstreamlsEj
 .text._ZN8emstreamlsEm
                0x00002718       0x84 lib/serial/emstream_uint32_t.o
                0x00002718                _ZN8emstreamlsEm
 .text._ZN8emstreamlsEh
                0x0000279c      0x108 lib/serial/emstream_uint8_t.o
                0x0000279c                _ZN8emstreamlsEh
 .text._ZN5rs2327putcharEc
                0x000028a4       0x42 lib/serial/rs232int.o
                0x000028a4                _ZN5rs2327putcharEc
 .text._ZN5rs2327getcharEv
                0x000028e6       0x8c lib/serial/rs232int.o
                0x000028e6                _ZN5rs2327getcharEv
 .text._ZN5rs23214check_for_charEv
                0x00002972       0x40 lib/serial/rs232int.o
                0x00002972                _ZN5rs23214check_for_charEv
 .text._ZN5rs23212clear_screenEv
                0x000029b2       0x12 lib/serial/rs232int.o
                0x000029b2                _ZN5rs23212clear_screenEv
 .text._ZN5rs232C2Ejh
                0x000029c4       0x88 lib/serial/rs232int.o
                0x000029c4                _ZN5rs232C1Ejh
                0x000029c4                _ZN5rs232C2Ejh
 .text.__vector_25
                0x00002a4c       0xb0 lib/serial/rs232int.o
                0x00002a4c                __vector_25
 .text.__vector_36
                0x00002afc       0xb0 lib/serial/rs232int.o
                0x00002afc                __vector_36
 .text.main     0x00002bac       0xb6 main.o
                0x00002bac                main
 .text._ZN15task_brightness3runEv
                0x00002c62       0x88 task_brightness.o
                0x00002c62                _ZN15task_brightness3runEv
 .text._ZN15task_brightnessC2EPKchjP8emstream
                0x00002cea       0x20 task_brightness.o
                0x00002cea                _ZN15task_brightnessC1EPKchjP8emstream
                0x00002cea                _ZN15task_brightnessC2EPKchjP8emstream
 .text._ZN9task_userC2EPKchjP8emstream
                0x00002d0a       0x20 task_user.o
                0x00002d0a                _ZN9task_userC1EPKchjP8emstream
                0x00002d0a                _ZN9task_userC2EPKchjP8emstream
 .text._ZN9task_user18print_help_messageEv
                0x00002d2a       0xbc task_user.o
                0x00002d2a                _ZN9task_user18print_help_messageEv
 .text._ZN9task_user11show_statusEv
                0x00002de6      0x104 task_user.o
                0x00002de6                _ZN9task_user11show_statusEv
 .text._ZN9task_user3runEv
                0x00002eea      0x338 task_user.o
                0x00002eea                _ZN9task_user3runEv
 .text.libgcc.mul
                0x00003222       0x1e c:/program files (x86)/atmel/studio/7.0/toolchain/avr8/avr8-gnu-toolchain/bin/../lib/gcc/avr/4.9.2/avr51\libgcc.a(_mulsi3.o)
                0x00003222                __mulsi3
 .text.libgcc.div
                0x00003240       0x26 c:/program files (x86)/atmel/studio/7.0/toolchain/avr8/avr8-gnu-toolchain/bin/../lib/gcc/avr/4.9.2/avr51\libgcc.a(_divmodhi4.o)
                0x00003240                _div
                0x00003240                __divmodhi4
 .text.libgcc.div
                0x00003266       0x44 c:/program files (x86)/atmel/studio/7.0/toolchain/avr8/avr8-gnu-toolchain/bin/../lib/gcc/avr/4.9.2/avr51\libgcc.a(_udivmodsi4.o)
                0x00003266                __udivmodsi4
 .text.libgcc.div
                0x000032aa       0x28 c:/program files (x86)/atmel/studio/7.0/toolchain/avr8/avr8-gnu-toolchain/bin/../lib/gcc/avr/4.9.2/avr51\libgcc.a(_divmodsi4.o)
                0x000032aa                __divmodsi4
 .text.libgcc.div
                0x000032d2       0x10 c:/program files (x86)/atmel/studio/7.0/toolchain/avr8/avr8-gnu-toolchain/bin/../lib/gcc/avr/4.9.2/avr51\libgcc.a(_negsi2.o)
                0x000032d2                __negsi2
 .text.libgcc   0x000032e2       0x12 c:/program files (x86)/atmel/studio/7.0/toolchain/avr8/avr8-gnu-toolchain/bin/../lib/gcc/avr/4.9.2/avr51\libgcc.a(_tablejump2.o)
                0x000032e2                __tablejump2__
 .text.libgcc.mul
                0x000032f4       0x14 c:/program files (x86)/atmel/studio/7.0/toolchain/avr8/avr8-gnu-toolchain/bin/../lib/gcc/avr/4.9.2/avr51\libgcc.a(_muluhisi3.o)
                0x000032f4                __muluhisi3
 .text.libgcc.div
                0x00003308       0x28 c:/program files (x86)/atmel/studio/7.0/toolchain/avr8/avr8-gnu-toolchain/bin/../lib/gcc/avr/4.9.2/avr51\libgcc.a(_udivmodhi4.o)
                0x00003308                __udivmodhi4
 .text.libgcc.mul
                0x00003330       0x1e c:/program files (x86)/atmel/studio/7.0/toolchain/avr8/avr8-gnu-toolchain/bin/../lib/gcc/avr/4.9.2/avr51\libgcc.a(_umulhisi3.o)
                0x00003330                __umulhisi3
 .text.avr-libc
                0x0000334e       0x12 c:/program files (x86)/atmel/studio/7.0/toolchain/avr8/avr8-gnu-toolchain/bin/../lib/gcc/avr/4.9.2/../../../../avr/lib/avr51\libc.a(memcpy.o)
                0x0000334e                memcpy
 .text.avr-libc
                0x00003360        0xe c:/program files (x86)/atmel/studio/7.0/toolchain/avr8/avr8-gnu-toolchain/bin/../lib/gcc/avr/4.9.2/../../../../avr/lib/avr51\libc.a(memset.o)
                0x00003360                memset
 .text.avr-libc
                0x0000336e       0x1e c:/program files (x86)/atmel/studio/7.0/toolchain/avr8/avr8-gnu-toolchain/bin/../lib/gcc/avr/4.9.2/../../../../avr/lib/avr51\libc.a(strncpy.o)
                0x0000336e                strncpy
 .text.avr-libc
                0x0000338c       0x14 c:/program files (x86)/atmel/studio/7.0/toolchain/avr8/avr8-gnu-toolchain/bin/../lib/gcc/avr/4.9.2/../../../../avr/lib/avr51\libc.a(ultoa.o)
                0x0000338c                ultoa
                0x0000338c                __ultoa
 .text.avr-libc
                0x000033a0       0x42 c:/program files (x86)/atmel/studio/7.0/toolchain/avr8/avr8-gnu-toolchain/bin/../lib/gcc/avr/4.9.2/../../../../avr/lib/avr51\libc.a(ultoa_ncheck.o)
                0x000033a0                __ultoa_ncheck
                0x000033a2                __ultoa_common
 .text.avr-libc
                0x000033e2       0x14 c:/program files (x86)/atmel/studio/7.0/toolchain/avr8/avr8-gnu-toolchain/bin/../lib/gcc/avr/4.9.2/../../../../avr/lib/avr51\libc.a(utoa.o)
                0x000033e2                __utoa
                0x000033e2                utoa
 .text.avr-libc
                0x000033f6       0x32 c:/program files (x86)/atmel/studio/7.0/toolchain/avr8/avr8-gnu-toolchain/bin/../lib/gcc/avr/4.9.2/../../../../avr/lib/avr51\libc.a(utoa_ncheck.o)
                0x000033f6                __utoa_ncheck
                0x000033f8                __utoa_common
 .text.avr-libc
                0x00003428       0x20 c:/program files (x86)/atmel/studio/7.0/toolchain/avr8/avr8-gnu-toolchain/bin/../lib/gcc/avr/4.9.2/../../../../avr/lib/avr51\libc.a(strrev.o)
                0x00003428                strrev
                0x00003448                . = ALIGN (0x2)
 *(.fini9)
 .fini9         0x00003448        0x0 c:/program files (x86)/atmel/studio/7.0/toolchain/avr8/avr8-gnu-toolchain/bin/../lib/gcc/avr/4.9.2/avr51\libgcc.a(_exit.o)
                0x00003448                _exit
                0x00003448                exit
 *(.fini9)
 *(.fini8)
 *(.fini8)
 *(.fini7)
 *(.fini7)
 *(.fini6)
 *(.fini6)
 *(.fini5)
 *(.fini5)
 *(.fini4)
 *(.fini4)
 *(.fini3)
 *(.fini3)
 *(.fini2)
 *(.fini2)
 *(.fini1)
 *(.fini1)
 *(.fini0)
 .fini0         0x00003448        0x4 c:/program files (x86)/atmel/studio/7.0/toolchain/avr8/avr8-gnu-toolchain/bin/../lib/gcc/avr/4.9.2/avr51\libgcc.a(_exit.o)
 *(.fini0)
                0x0000344c                _etext = .

.data           0x00800200       0x84 load address 0x0000344c
                0x00800200                PROVIDE (__data_start, .)
 *(.data)
 *(.data*)
 .data.xFreeBytesRemaining
                0x00800200        0x2 lib/freertos/heap_2.o
 .data.xNextTaskUnblockTime
                0x00800202        0x4 lib/freertos/tasks.o
 .data.bts_new_base
                0x00800206        0x1 lib/serial/emstream.o
                0x00800206                bts_new_base
 .data.bts_new_prec
                0x00800207        0x1 lib/serial/emstream.o
                0x00800207                bts_new_prec
 *(.rodata)
 *(.rodata*)
 .rodata.str1.1
                0x00800208        0x5 lib/freertos/tasks.o
 .rodata._ZTV9BaseShare
                0x0080020d        0x6 lib/frtcpp/baseshare.o
                0x0080020d                _ZTV9BaseShare
 .rodata._ZTV8TaskBase
                0x00800213        0x8 lib/frtcpp/taskbase_status.o
                0x00800213                _ZTV8TaskBase
 .rodata.str1.1
                0x0080021b        0x7 lib/frtcpp/textqueue.o
 .rodata._ZTV9TextQueue
                0x00800222       0x18 lib/frtcpp/textqueue.o
                0x00800222                _ZTV9TextQueue
 .rodata._ZTV8emstream
                0x0080023a       0x10 lib/serial/emstream.o
                0x0080023a                _ZTV8emstream
 .rodata._ZTV5rs232
                0x0080024a       0x10 lib/serial/rs232int.o
                0x0080024a                _ZTV5rs232
 .rodata.str1.1
                0x0080025a       0x15 main.o
 .rodata._ZTV15task_brightness
                0x0080026f        0x8 task_brightness.o
                0x0080026f                _ZTV15task_brightness
 .rodata.str1.1
                0x00800277        0x4 task_user.o
 .rodata._ZTV9task_user
                0x0080027b        0x8 task_user.o
                0x0080027b                _ZTV9task_user
 *(.gnu.linkonce.d*)
                0x00800284                . = ALIGN (0x2)
 *fill*         0x00800283        0x1 
                0x00800284                _edata = .
                0x00800284                PROVIDE (__data_end, .)

.bss            0x00800284     0x17ba
                0x00800284                PROVIDE (__bss_start, .)
 *(.bss)
 *(.bss*)
 .bss.time      0x00800284        0x2 adc.o
                0x00800284                time
 .bss.sampleavg
                0x00800286        0x2 adc.o
                0x00800286                sampleavg
 .bss.xHeapHasBeenInitialised.1863
                0x00800288        0x1 lib/freertos/heap_2.o
 .bss.xEnd      0x00800289        0x4 lib/freertos/heap_2.o
 .bss.xStart    0x0080028d        0x4 lib/freertos/heap_2.o
 .bss.ucHeap    0x00800291     0x1738 lib/freertos/heap_2.o
 .bss.uxSchedulerSuspended
                0x008019c9        0x1 lib/freertos/tasks.o
 .bss.uxTaskNumber
                0x008019ca        0x1 lib/freertos/tasks.o
 .bss.xNumOfOverflows
                0x008019cb        0x1 lib/freertos/tasks.o
 .bss.xYieldPending
                0x008019cc        0x1 lib/freertos/tasks.o
 .bss.uxPendedTicks
                0x008019cd        0x1 lib/freertos/tasks.o
 .bss.xSchedulerRunning
                0x008019ce        0x1 lib/freertos/tasks.o
 .bss.uxTopReadyPriority
                0x008019cf        0x1 lib/freertos/tasks.o
 .bss.xTickCount
                0x008019d0        0x4 lib/freertos/tasks.o
 .bss.uxCurrentNumberOfTasks
                0x008019d4        0x1 lib/freertos/tasks.o
 .bss.xIdleTaskHandle
                0x008019d5        0x2 lib/freertos/tasks.o
 .bss.xPendingReadyList
                0x008019d7        0xb lib/freertos/tasks.o
 .bss.pxOverflowDelayedTaskList
                0x008019e2        0x2 lib/freertos/tasks.o
 .bss.pxDelayedTaskList
                0x008019e4        0x2 lib/freertos/tasks.o
 .bss.xDelayedTaskList2
                0x008019e6        0xb lib/freertos/tasks.o
 .bss.xDelayedTaskList1
                0x008019f1        0xb lib/freertos/tasks.o
 .bss.pxReadyTasksLists
                0x008019fc       0x2c lib/freertos/tasks.o
 .bss.pxCurrentTCB
                0x00801a28        0x2 lib/freertos/tasks.o
                0x00801a28                pxCurrentTCB
 .bss._ZN9BaseShare8p_newestE
                0x00801a2a        0x2 lib/frtcpp/baseshare.o
                0x00801a2a                _ZN9BaseShare8p_newestE
 .bss.last_created_task_pointer
                0x00801a2c        0x2 lib/frtcpp/taskbase.o
                0x00801a2c                last_created_task_pointer
 .bss.rcv1_write_index
                0x00801a2e        0x2 lib/serial/rs232int.o
                0x00801a2e                rcv1_write_index
 .bss.rcv1_read_index
                0x00801a30        0x2 lib/serial/rs232int.o
                0x00801a30                rcv1_read_index
 .bss.rcv1_buffer
                0x00801a32        0x2 lib/serial/rs232int.o
                0x00801a32                rcv1_buffer
 .bss.rcv0_write_index
                0x00801a34        0x2 lib/serial/rs232int.o
                0x00801a34                rcv0_write_index
 .bss.rcv0_read_index
                0x00801a36        0x2 lib/serial/rs232int.o
                0x00801a36                rcv0_read_index
 .bss.rcv0_buffer
                0x00801a38        0x2 lib/serial/rs232int.o
                0x00801a38                rcv0_buffer
 .bss.p_print_ser_queue
                0x00801a3a        0x2 main.o
                0x00801a3a                p_print_ser_queue
 *(COMMON)
 COMMON         0x00801a3c        0x2 lib/freertos/port.o
                0x00801a3c                portStackTopForTask
                0x00801a3e                PROVIDE (__bss_end, .)
                0x0000344c                __data_load_start = LOADADDR (.data)
                0x000034d0                __data_load_end = (__data_load_start + SIZEOF (.data))

.noinit         0x00801a3e        0x0
                0x00801a3e                PROVIDE (__noinit_start, .)
 *(.noinit*)
                0x00801a3e                PROVIDE (__noinit_end, .)
                0x00801a3e                _end = .
                0x00801a3e                PROVIDE (__heap_start, .)

.eeprom         0x00810000        0x0
 *(.eeprom*)
                0x00810000                __eeprom_end = .

.fuse
 *(.fuse)
 *(.lfuse)
 *(.hfuse)
 *(.efuse)

.lock
 *(.lock*)

.signature
 *(.signature*)

.user_signatures
 *(.user_signatures*)

.stab
 *(.stab)

.stabstr
 *(.stabstr)

.stab.excl
 *(.stab.excl)

.stab.exclstr
 *(.stab.exclstr)

.stab.index
 *(.stab.index)

.stab.indexstr
 *(.stab.indexstr)

.comment        0x00000000       0x30
 *(.comment)
 .comment       0x00000000       0x30 adc.o
                                 0x31 (size before relaxing)
 .comment       0x00000030       0x31 lib/freertos/heap_2.o
 .comment       0x00000030       0x31 lib/freertos/list.o
 .comment       0x00000030       0x31 lib/freertos/port.o
 .comment       0x00000030       0x31 lib/freertos/queue.o
 .comment       0x00000030       0x31 lib/freertos/tasks.o
 .comment       0x00000030       0x31 lib/frtcpp/baseshare.o
 .comment       0x00000030       0x31 lib/frtcpp/taskbase.o
 .comment       0x00000030       0x31 lib/frtcpp/taskbase_stackprt.o
 .comment       0x00000030       0x31 lib/frtcpp/taskbase_status.o
 .comment       0x00000030       0x31 lib/frtcpp/textqueue.o
 .comment       0x00000030       0x31 lib/frtcpp/time_stamp_get_us.o
 .comment       0x00000030       0x31 lib/frtcpp/time_stamp_lshift.o
 .comment       0x00000030       0x31 lib/frtcpp/time_stamp_to_now.o
 .comment       0x00000030       0x31 lib/misc/hex_dump_memory.o
 .comment       0x00000030       0x31 lib/misc/mechutil.o
 .comment       0x00000030       0x31 lib/serial/base232.o
 .comment       0x00000030       0x31 lib/serial/emstream.o
 .comment       0x00000030       0x31 lib/serial/emstream_uint16_t.o
 .comment       0x00000030       0x31 lib/serial/emstream_uint32_t.o
 .comment       0x00000030       0x31 lib/serial/emstream_uint8_t.o
 .comment       0x00000030       0x31 lib/serial/rs232int.o
 .comment       0x00000030       0x31 main.o
 .comment       0x00000030       0x31 task_brightness.o
 .comment       0x00000030       0x31 task_user.o

.note.gnu.avr.deviceinfo
                0x00000000       0x40
 .note.gnu.avr.deviceinfo
                0x00000000       0x40 C:/Program Files (x86)/Atmel/Studio/7.0/Packs/atmel/ATmega_DFP/1.0.98/gcc/dev/atmega1281/avr51/crtatmega1281.o

.note.gnu.build-id
 *(.note.gnu.build-id)

.debug
 *(.debug)

.line
 *(.line)

.debug_srcinfo
 *(.debug_srcinfo)

.debug_sfnames
 *(.debug_sfnames)

.debug_aranges  0x00000000      0x658
 *(.debug_aranges)
 .debug_aranges
                0x00000000       0x38 adc.o
 .debug_aranges
                0x00000038       0x38 lib/freertos/heap_2.o
 .debug_aranges
                0x00000070       0x40 lib/freertos/list.o
 .debug_aranges
                0x000000b0       0x48 lib/freertos/port.o
 .debug_aranges
                0x000000f8       0xa0 lib/freertos/queue.o
 .debug_aranges
                0x00000198      0x110 lib/freertos/tasks.o
 .debug_aranges
                0x000002a8       0x28 lib/frtcpp/baseshare.o
 .debug_aranges
                0x000002d0       0x48 lib/frtcpp/taskbase.o
 .debug_aranges
                0x00000318       0x28 lib/frtcpp/taskbase_stackprt.o
 .debug_aranges
                0x00000340       0x38 lib/frtcpp/taskbase_status.o
 .debug_aranges
                0x00000378       0x40 lib/frtcpp/textqueue.o
 .debug_aranges
                0x000003b8       0x20 lib/frtcpp/time_stamp_get_us.o
 .debug_aranges
                0x000003d8       0x20 lib/frtcpp/time_stamp_lshift.o
 .debug_aranges
                0x000003f8       0x20 lib/frtcpp/time_stamp_to_now.o
 .debug_aranges
                0x00000418       0x20 lib/misc/hex_dump_memory.o
 .debug_aranges
                0x00000438       0x58 lib/misc/mechutil.o
 .debug_aranges
                0x00000490       0x30 lib/serial/base232.o
 .debug_aranges
                0x000004c0       0x68 lib/serial/emstream.o
 .debug_aranges
                0x00000528       0x20 lib/serial/emstream_uint16_t.o
 .debug_aranges
                0x00000548       0x20 lib/serial/emstream_uint32_t.o
 .debug_aranges
                0x00000568       0x20 lib/serial/emstream_uint8_t.o
 .debug_aranges
                0x00000588       0x50 lib/serial/rs232int.o
 .debug_aranges
                0x000005d8       0x20 main.o
 .debug_aranges
                0x000005f8       0x28 task_brightness.o
 .debug_aranges
                0x00000620       0x38 task_user.o

.debug_pubnames
 *(.debug_pubnames)

.debug_info     0x00000000     0xacc8
 *(.debug_info .gnu.linkonce.wi.*)
 .debug_info    0x00000000      0x494 adc.o
 .debug_info    0x00000494      0x336 lib/freertos/heap_2.o
 .debug_info    0x000007ca      0x2c3 lib/freertos/list.o
 .debug_info    0x00000a8d      0x28d lib/freertos/port.o
 .debug_info    0x00000d1a     0x1035 lib/freertos/queue.o
 .debug_info    0x00001d4f     0x15b8 lib/freertos/tasks.o
 .debug_info    0x00003307      0x53a lib/frtcpp/baseshare.o
 .debug_info    0x00003841      0x9dd lib/frtcpp/taskbase.o
 .debug_info    0x0000421e      0x4f0 lib/frtcpp/taskbase_stackprt.o
 .debug_info    0x0000470e     0x1169 lib/frtcpp/taskbase_status.o
 .debug_info    0x00005877      0x932 lib/frtcpp/textqueue.o
 .debug_info    0x000061a9      0x39c lib/frtcpp/time_stamp_get_us.o
 .debug_info    0x00006545      0x5f1 lib/frtcpp/time_stamp_lshift.o
 .debug_info    0x00006b36      0x3a5 lib/frtcpp/time_stamp_to_now.o
 .debug_info    0x00006edb      0x3c6 lib/misc/hex_dump_memory.o
 .debug_info    0x000072a1      0x250 lib/misc/mechutil.o
 .debug_info    0x000074f1      0x201 lib/serial/base232.o
 .debug_info    0x000076f2      0x7f0 lib/serial/emstream.o
 .debug_info    0x00007ee2      0x2dc lib/serial/emstream_uint16_t.o
 .debug_info    0x000081be      0x304 lib/serial/emstream_uint32_t.o
 .debug_info    0x000084c2      0x2f2 lib/serial/emstream_uint8_t.o
 .debug_info    0x000087b4      0x506 lib/serial/rs232int.o
 .debug_info    0x00008cba      0x4ac main.o
 .debug_info    0x00009166      0x4df task_brightness.o
 .debug_info    0x00009645     0x1683 task_user.o

.debug_abbrev   0x00000000     0x3714
 *(.debug_abbrev)
 .debug_abbrev  0x00000000      0x27d adc.o
 .debug_abbrev  0x0000027d      0x1bd lib/freertos/heap_2.o
 .debug_abbrev  0x0000043a       0xf8 lib/freertos/list.o
 .debug_abbrev  0x00000532      0x17d lib/freertos/port.o
 .debug_abbrev  0x000006af      0x2b6 lib/freertos/queue.o
 .debug_abbrev  0x00000965      0x323 lib/freertos/tasks.o
 .debug_abbrev  0x00000c88      0x28b lib/frtcpp/baseshare.o
 .debug_abbrev  0x00000f13      0x378 lib/frtcpp/taskbase.o
 .debug_abbrev  0x0000128b      0x204 lib/frtcpp/taskbase_stackprt.o
 .debug_abbrev  0x0000148f      0x35f lib/frtcpp/taskbase_status.o
 .debug_abbrev  0x000017ee      0x32b lib/frtcpp/textqueue.o
 .debug_abbrev  0x00001b19      0x11c lib/frtcpp/time_stamp_get_us.o
 .debug_abbrev  0x00001c35      0x26f lib/frtcpp/time_stamp_lshift.o
 .debug_abbrev  0x00001ea4      0x138 lib/frtcpp/time_stamp_to_now.o
 .debug_abbrev  0x00001fdc      0x18a lib/misc/hex_dump_memory.o
 .debug_abbrev  0x00002166      0x136 lib/misc/mechutil.o
 .debug_abbrev  0x0000229c      0x138 lib/serial/base232.o
 .debug_abbrev  0x000023d4      0x2d9 lib/serial/emstream.o
 .debug_abbrev  0x000026ad      0x1ce lib/serial/emstream_uint16_t.o
 .debug_abbrev  0x0000287b      0x1ce lib/serial/emstream_uint32_t.o
 .debug_abbrev  0x00002a49      0x1a5 lib/serial/emstream_uint8_t.o
 .debug_abbrev  0x00002bee      0x271 lib/serial/rs232int.o
 .debug_abbrev  0x00002e5f      0x222 main.o
 .debug_abbrev  0x00003081      0x2ca task_brightness.o
 .debug_abbrev  0x0000334b      0x3c9 task_user.o

.debug_line     0x00000000     0x437c
 *(.debug_line .debug_line.* .debug_line_end)
 .debug_line    0x00000000      0x1ae adc.o
 .debug_line    0x000001ae      0x287 lib/freertos/heap_2.o
 .debug_line    0x00000435      0x1d6 lib/freertos/list.o
 .debug_line    0x0000060b      0x2fe lib/freertos/port.o
 .debug_line    0x00000909      0x823 lib/freertos/queue.o
 .debug_line    0x0000112c      0xb42 lib/freertos/tasks.o
 .debug_line    0x00001c6e      0x1f3 lib/frtcpp/baseshare.o
 .debug_line    0x00001e61      0x338 lib/frtcpp/taskbase.o
 .debug_line    0x00002199      0x1b8 lib/frtcpp/taskbase_stackprt.o
 .debug_line    0x00002351      0x37e lib/frtcpp/taskbase_status.o
 .debug_line    0x000026cf      0x215 lib/frtcpp/textqueue.o
 .debug_line    0x000028e4      0x100 lib/frtcpp/time_stamp_get_us.o
 .debug_line    0x000029e4      0x15e lib/frtcpp/time_stamp_lshift.o
 .debug_line    0x00002b42      0x10a lib/frtcpp/time_stamp_to_now.o
 .debug_line    0x00002c4c      0x1c3 lib/misc/hex_dump_memory.o
 .debug_line    0x00002e0f      0x1a4 lib/misc/mechutil.o
 .debug_line    0x00002fb3      0x12a lib/serial/base232.o
 .debug_line    0x000030dd      0x254 lib/serial/emstream.o
 .debug_line    0x00003331      0x10d lib/serial/emstream_uint16_t.o
 .debug_line    0x0000343e      0x10d lib/serial/emstream_uint32_t.o
 .debug_line    0x0000354b      0x184 lib/serial/emstream_uint8_t.o
 .debug_line    0x000036cf      0x27c lib/serial/rs232int.o
 .debug_line    0x0000394b      0x24a main.o
 .debug_line    0x00003b95      0x21b task_brightness.o
 .debug_line    0x00003db0      0x5cc task_user.o

.debug_frame    0x00000000     0x122c
 *(.debug_frame)
 .debug_frame   0x00000000       0x98 adc.o
 .debug_frame   0x00000098       0x7c lib/freertos/heap_2.o
 .debug_frame   0x00000114       0x90 lib/freertos/list.o
 .debug_frame   0x000001a4       0x74 lib/freertos/port.o
 .debug_frame   0x00000218      0x240 lib/freertos/queue.o
 .debug_frame   0x00000458      0x424 lib/freertos/tasks.o
 .debug_frame   0x0000087c       0x68 lib/frtcpp/baseshare.o
 .debug_frame   0x000008e4       0xc4 lib/frtcpp/taskbase.o
 .debug_frame   0x000009a8       0x70 lib/frtcpp/taskbase_stackprt.o
 .debug_frame   0x00000a18       0xc4 lib/frtcpp/taskbase_status.o
 .debug_frame   0x00000adc      0x11c lib/frtcpp/textqueue.o
 .debug_frame   0x00000bf8       0x44 lib/frtcpp/time_stamp_get_us.o
 .debug_frame   0x00000c3c       0x54 lib/frtcpp/time_stamp_lshift.o
 .debug_frame   0x00000c90       0x30 lib/frtcpp/time_stamp_to_now.o
 .debug_frame   0x00000cc0       0x60 lib/misc/hex_dump_memory.o
 .debug_frame   0x00000d20       0x94 lib/misc/mechutil.o
 .debug_frame   0x00000db4       0x58 lib/serial/base232.o
 .debug_frame   0x00000e0c       0xd4 lib/serial/emstream.o
 .debug_frame   0x00000ee0       0x44 lib/serial/emstream_uint16_t.o
 .debug_frame   0x00000f24       0x50 lib/serial/emstream_uint32_t.o
 .debug_frame   0x00000f74       0x54 lib/serial/emstream_uint8_t.o
 .debug_frame   0x00000fc8       0xf0 lib/serial/rs232int.o
 .debug_frame   0x000010b8       0x4c main.o
 .debug_frame   0x00001104       0x58 task_brightness.o
 .debug_frame   0x0000115c       0xd0 task_user.o

.debug_str      0x00000000     0x266c
 *(.debug_str)
 .debug_str     0x00000000      0x2f8 adc.o
                                0x36c (size before relaxing)
 .debug_str     0x000002f8      0x239 lib/freertos/heap_2.o
                                0x312 (size before relaxing)
 .debug_str     0x00000531      0x140 lib/freertos/list.o
                                0x2c0 (size before relaxing)
 .debug_str     0x00000671      0x127 lib/freertos/port.o
                                0x2d2 (size before relaxing)
 .debug_str     0x00000798      0x445 lib/freertos/queue.o
                                0x709 (size before relaxing)
 .debug_str     0x00000bdd      0x5d5 lib/freertos/tasks.o
                                0xa87 (size before relaxing)
 .debug_str     0x000011b2      0x121 lib/frtcpp/baseshare.o
                                0x3b8 (size before relaxing)
 .debug_str     0x000012d3      0x196 lib/frtcpp/taskbase.o
                                0x561 (size before relaxing)
 .debug_str     0x00001469       0xf8 lib/frtcpp/taskbase_stackprt.o
                                0x422 (size before relaxing)
 .debug_str     0x00001561      0x4c5 lib/frtcpp/taskbase_status.o
                                0x9a2 (size before relaxing)
 .debug_str     0x00001a26      0x166 lib/frtcpp/textqueue.o
                                0x572 (size before relaxing)
 .debug_str     0x00001b8c      0x290 lib/frtcpp/time_stamp_get_us.o
                                0x498 (size before relaxing)
 .debug_str     0x00001e1c       0x74 lib/frtcpp/time_stamp_lshift.o
                                0x55d (size before relaxing)
 .debug_str     0x00001e90       0x24 lib/frtcpp/time_stamp_to_now.o
                                0x4a2 (size before relaxing)
 .debug_str     0x00001eb4       0x4f lib/misc/hex_dump_memory.o
                                0x33e (size before relaxing)
 .debug_str     0x00001f03       0xb2 lib/misc/mechutil.o
                                0x27f (size before relaxing)
 .debug_str     0x00001fb5       0xc7 lib/serial/base232.o
                                0x265 (size before relaxing)
 .debug_str     0x0000207c      0x22e lib/serial/emstream.o
                                0x586 (size before relaxing)
 .debug_str     0x000022aa       0x60 lib/serial/emstream_uint16_t.o
                                0x26e (size before relaxing)
 .debug_str     0x0000230a       0x3b lib/serial/emstream_uint32_t.o
                                0x271 (size before relaxing)
 .debug_str     0x00002345       0x33 lib/serial/emstream_uint8_t.o
                                0x25b (size before relaxing)
 .debug_str     0x00002378      0x10f lib/serial/rs232int.o
                                0x3ba (size before relaxing)
 .debug_str     0x00002487       0x45 main.o
                                0x37f (size before relaxing)
 .debug_str     0x000024cc       0xad task_brightness.o
                                0x3c6 (size before relaxing)
 .debug_str     0x00002579       0xf3 task_user.o
                                0x837 (size before relaxing)

.debug_loc      0x00000000     0x5f4f
 *(.debug_loc)
 .debug_loc     0x00000000      0x275 adc.o
 .debug_loc     0x00000275      0x2ef lib/freertos/heap_2.o
 .debug_loc     0x00000564      0x17d lib/freertos/list.o
 .debug_loc     0x000006e1      0x274 lib/freertos/port.o
 .debug_loc     0x00000955     0x10c3 lib/freertos/queue.o
 .debug_loc     0x00001a18     0x1558 lib/freertos/tasks.o
 .debug_loc     0x00002f70      0x1d6 lib/frtcpp/baseshare.o
 .debug_loc     0x00003146      0x444 lib/frtcpp/taskbase.o
 .debug_loc     0x0000358a      0x214 lib/frtcpp/taskbase_stackprt.o
 .debug_loc     0x0000379e      0x54a lib/frtcpp/taskbase_status.o
 .debug_loc     0x00003ce8      0x4f5 lib/frtcpp/textqueue.o
 .debug_loc     0x000041dd       0x63 lib/frtcpp/time_stamp_get_us.o
 .debug_loc     0x00004240      0x1cf lib/frtcpp/time_stamp_lshift.o
 .debug_loc     0x0000440f       0x67 lib/frtcpp/time_stamp_to_now.o
 .debug_loc     0x00004476      0x2d2 lib/misc/hex_dump_memory.o
 .debug_loc     0x00004748       0xc0 lib/misc/mechutil.o
 .debug_loc     0x00004808      0x146 lib/serial/base232.o
 .debug_loc     0x0000494e      0x477 lib/serial/emstream.o
 .debug_loc     0x00004dc5      0x12f lib/serial/emstream_uint16_t.o
 .debug_loc     0x00004ef4      0x171 lib/serial/emstream_uint32_t.o
 .debug_loc     0x00005065      0x1cf lib/serial/emstream_uint8_t.o
 .debug_loc     0x00005234      0x323 lib/serial/rs232int.o
 .debug_loc     0x00005557       0xbd main.o
 .debug_loc     0x00005614      0x1e6 task_brightness.o
 .debug_loc     0x000057fa      0x755 task_user.o

.debug_macinfo
 *(.debug_macinfo)

.debug_weaknames
 *(.debug_weaknames)

.debug_funcnames
 *(.debug_funcnames)

.debug_typenames
 *(.debug_typenames)

.debug_varnames
 *(.debug_varnames)

.debug_pubtypes
 *(.debug_pubtypes)

.debug_ranges   0x00000000      0x528
 *(.debug_ranges)
 .debug_ranges  0x00000000       0x28 adc.o
 .debug_ranges  0x00000028       0x28 lib/freertos/heap_2.o
 .debug_ranges  0x00000050       0x30 lib/freertos/list.o
 .debug_ranges  0x00000080       0x38 lib/freertos/port.o
 .debug_ranges  0x000000b8       0x90 lib/freertos/queue.o
 .debug_ranges  0x00000148      0x148 lib/freertos/tasks.o
 .debug_ranges  0x00000290       0x18 lib/frtcpp/baseshare.o
 .debug_ranges  0x000002a8       0x38 lib/frtcpp/taskbase.o
 .debug_ranges  0x000002e0       0x18 lib/frtcpp/taskbase_stackprt.o
 .debug_ranges  0x000002f8       0x28 lib/frtcpp/taskbase_status.o
 .debug_ranges  0x00000320       0x30 lib/frtcpp/textqueue.o
 .debug_ranges  0x00000350       0x10 lib/frtcpp/time_stamp_get_us.o
 .debug_ranges  0x00000360       0x10 lib/frtcpp/time_stamp_lshift.o
 .debug_ranges  0x00000370       0x10 lib/frtcpp/time_stamp_to_now.o
 .debug_ranges  0x00000380       0x10 lib/misc/hex_dump_memory.o
 .debug_ranges  0x00000390       0x48 lib/misc/mechutil.o
 .debug_ranges  0x000003d8       0x20 lib/serial/base232.o
 .debug_ranges  0x000003f8       0x70 lib/serial/emstream.o
 .debug_ranges  0x00000468       0x10 lib/serial/emstream_uint16_t.o
 .debug_ranges  0x00000478       0x10 lib/serial/emstream_uint32_t.o
 .debug_ranges  0x00000488       0x10 lib/serial/emstream_uint8_t.o
 .debug_ranges  0x00000498       0x40 lib/serial/rs232int.o
 .debug_ranges  0x000004d8       0x10 main.o
 .debug_ranges  0x000004e8       0x18 task_brightness.o
 .debug_ranges  0x00000500       0x28 task_user.o

.debug_macro
 *(.debug_macro)
OUTPUT(ME405lab0.elf elf32-avr)
LOAD linker stubs
